------------------------------------------------------------
TimeQuest Timing Analyzer Summary
------------------------------------------------------------

Type  : Slow Model Setup 'stream_codec:inst|bclk_sig'
Slack : -6.768
TNS   : -416.879

Type  : Slow Model Setup 'clock_div:inst1|clk_div_sig'
Slack : -4.851
TNS   : -323.603

Type  : Slow Model Setup 'stream_codec:inst|mclk_sig'
Slack : -2.092
TNS   : -33.271

Type  : Slow Model Setup 'CLK'
Slack : -1.904
TNS   : -14.729

Type  : Slow Model Setup 'USB_CLK'
Slack : 2.453
TNS   : 0.000

Type  : Slow Model Hold 'CLK'
Slack : -2.688
TNS   : -2.688

Type  : Slow Model Hold 'stream_codec:inst|mclk_sig'
Slack : -2.288
TNS   : -2.288

Type  : Slow Model Hold 'USB_CLK'
Slack : -2.201
TNS   : -2.201

Type  : Slow Model Hold 'clock_div:inst1|clk_div_sig'
Slack : 0.445
TNS   : 0.000

Type  : Slow Model Hold 'stream_codec:inst|bclk_sig'
Slack : 0.445
TNS   : 0.000

Type  : Slow Model Minimum Pulse Width 'CLK'
Slack : -1.631
TNS   : -15.073

Type  : Slow Model Minimum Pulse Width 'USB_CLK'
Slack : -1.631
TNS   : -2.853

Type  : Slow Model Minimum Pulse Width 'stream_codec:inst|bclk_sig'
Slack : -0.611
TNS   : -184.522

Type  : Slow Model Minimum Pulse Width 'clock_div:inst1|clk_div_sig'
Slack : -0.611
TNS   : -106.314

Type  : Slow Model Minimum Pulse Width 'stream_codec:inst|mclk_sig'
Slack : -0.611
TNS   : -28.106

Type  : Fast Model Setup 'stream_codec:inst|bclk_sig'
Slack : -2.147
TNS   : -92.914

Type  : Fast Model Setup 'clock_div:inst1|clk_div_sig'
Slack : -1.390
TNS   : -76.805

Type  : Fast Model Setup 'stream_codec:inst|mclk_sig'
Slack : -0.200
TNS   : -1.068

Type  : Fast Model Setup 'CLK'
Slack : -0.146
TNS   : -0.498

Type  : Fast Model Setup 'USB_CLK'
Slack : 1.468
TNS   : 0.000

Type  : Fast Model Hold 'CLK'
Slack : -1.719
TNS   : -1.719

Type  : Fast Model Hold 'stream_codec:inst|mclk_sig'
Slack : -1.444
TNS   : -1.444

Type  : Fast Model Hold 'USB_CLK'
Slack : -1.088
TNS   : -1.088

Type  : Fast Model Hold 'clock_div:inst1|clk_div_sig'
Slack : 0.215
TNS   : 0.000

Type  : Fast Model Hold 'stream_codec:inst|bclk_sig'
Slack : 0.215
TNS   : 0.000

Type  : Fast Model Minimum Pulse Width 'CLK'
Slack : -1.380
TNS   : -12.380

Type  : Fast Model Minimum Pulse Width 'USB_CLK'
Slack : -1.380
TNS   : -2.380

Type  : Fast Model Minimum Pulse Width 'stream_codec:inst|bclk_sig'
Slack : -0.500
TNS   : -151.000

Type  : Fast Model Minimum Pulse Width 'clock_div:inst1|clk_div_sig'
Slack : -0.500
TNS   : -87.000

Type  : Fast Model Minimum Pulse Width 'stream_codec:inst|mclk_sig'
Slack : -0.500
TNS   : -23.000

------------------------------------------------------------
